// Jest Snapshot v1, https://goo.gl/fbAQLP

exports[`SbInput should render an input 1`] = `
<input
  class="shadow appearance-none border rounded w-full py-2 px-3 text-gray-700 leading-tight focus:outline-none focus:shadow-outline"
  type="text"
/>
`;
